// Jest Snapshot v1, https://goo.gl/fbAQLP

exports[`<SkeletonString /> Should match snapshot 1`] = `
@keyframes animation-0 {
  0% {
    background-position: -200px 0;
  }

  100% {
    background-position: calc(200px + 100%) 0;
  }
}

.emotion-0 {
  background-color: #eeeeee;
  background-image: linear-gradient( 90deg, #eeeeee, #f5f5f5, #eeeeee );
  background-size: 200px 100%;
  background-repeat: no-repeat;
  display: inline-block;
  -webkit-animation: animation-0 1.5s ease-in-out infinite;
  animation: animation-0 1.5s ease-in-out infinite;
  color: transparent !important;
}

.emotion-0 > * {
  color: transparent !important;
}

<span
  class="emotion-0"
>
  Lorem ipsum dolor sit amet, consectetur adipiscing elit. Pellentesque eget ipsum sodales, tincidunt tortor at, feugiat quam. Morbi dignissim ligula nisi, sit amet tempus eros porta at.
</span>
`;
