// Jest Snapshot v1, https://goo.gl/fbAQLP

exports[`<Skeleton /> Should match snapshot 1`] = `
@keyframes animation-0 {
  0% {
    background-position: -200px 0;
  }

  100% {
    background-position: calc(200px + 100%) 0;
  }
}

.emotion-0 {
  background-color: #eeeeee;
  background-image: linear-gradient( 90deg, #eeeeee, #f5f5f5, #eeeeee );
  background-size: 200px 100%;
  background-repeat: no-repeat;
  display: inline-block;
  -webkit-animation: animation-0 1.5s ease-in-out infinite;
  animation: animation-0 1.5s ease-in-out infinite;
  color: transparent !important;
  width: 200px;
  height: 20px;
  border-radius: 0px;
  line-height: 1;
}

.emotion-0 > * {
  color: transparent !important;
}

<div
  class="emotion-0"
/>
`;
