// Jest Snapshot v1, https://goo.gl/fbAQLP

exports[`<Skeleton /> Should match snapshot 1`] = `
.c0 {
  background-color: #eeeeee;
  background-image: linear-gradient( 90deg, #eeeeee, #f5f5f5, #eeeeee );
  background-size: 200px 100%;
  background-repeat: no-repeat;
  display: inline-block;
  -webkit-animation: ceFrVu 1.5s ease-in-out infinite;
  animation: ceFrVu 1.5s ease-in-out infinite;
  color: transparent !important;
  width: 200px;
  height: 20px;
  border-radius: 0px;
  line-height: 1;
}

.c0 > * {
  color: transparent !important;
}

<div
  class="c0"
/>
`;
