// Jest Snapshot v1, https://goo.gl/fbAQLP

exports[`<SkeletonString /> Should match snapshot 1`] = `
.c0 {
  background-color: #eeeeee;
  background-image: linear-gradient( 90deg, #eeeeee, #f5f5f5, #eeeeee );
  background-size: 200px 100%;
  background-repeat: no-repeat;
  display: inline-block;
  -webkit-animation: ceFrVu 1.5s ease-in-out infinite;
  animation: ceFrVu 1.5s ease-in-out infinite;
  color: transparent !important;
}

.c0 > * {
  color: transparent !important;
}

<span
  class="c0"
>
  Lorem ipsum dolor sit amet, consectetur adipiscing elit. Pellentesque eget ipsum sodales, tincidunt tortor at, feugiat quam. Morbi dignissim ligula nisi, sit amet tempus eros porta at.
</span>
`;
